C51 COMPILER V9.01   STM32F10X_IT                                                          05/07/2018 20:54:22 PAGE 1   


C51 COMPILER V9.01, COMPILATION OF MODULE STM32F10X_IT
OBJECT MODULE PLACED IN .\stm32f10x_it.obj
COMPILER INVOKED BY: E:\BaiduNetdiskDownload\keil\C51\BIN\C51.EXE C:\Users\94963\Desktop\ProgrammableLED-master\software
                    -\src\stm32f10x_it.c BROWSE DEBUG OBJECTEXTEND PRINT(.\stm32f10x_it.lst) OBJECT(.\stm32f10x_it.obj)

line level    source

   1          /**
   2            ******************************************************************************
   3            * @file    SDIO/uSDCard/stm32f10x_it.c 
   4            * @author  MCD Application Team
   5            * @version V3.5.0
   6            * @date    08-April-2011
   7            * @brief   Main Interrupt Service Routines.
   8            *          This file provides template for all exceptions handler and 
   9            *          peripherals interrupt service routine.
  10            ******************************************************************************
  11            * @attention
  12            *
  13            * THE PRESENT FIRMWARE WHICH IS FOR GUIDANCE ONLY AIMS AT PROVIDING CUSTOMERS
  14            * WITH CODING INFORMATION REGARDING THEIR PRODUCTS IN ORDER FOR THEM TO SAVE
  15            * TIME. AS A RESULT, STMICROELECTRONICS SHALL NOT BE HELD LIABLE FOR ANY
  16            * DIRECT, INDIRECT OR CONSEQUENTIAL DAMAGES WITH RESPECT TO ANY CLAIMS ARISING
  17            * FROM THE CONTENT OF SUCH FIRMWARE AND/OR THE USE MADE BY CUSTOMERS OF THE
  18            * CODING INFORMATION CONTAINED HEREIN IN CONNECTION WITH THEIR PRODUCTS.
  19            *
  20            * <h2><center>&copy; COPYRIGHT 2011 STMicroelectronics</center></h2>
  21            ******************************************************************************
  22            */ 
  23          
  24          /* Includes ------------------------------------------------------------------*/
  25          #include "stm32f10x_it.h"
*** WARNING C318 IN LINE 27 OF C:\USERS\94963\DESKTOP\PROGRAMMABLELED-MASTER\SOFTWARE\SRC\STM32F10X_IT.H: can't open fil
             -e 'stm32f10x.h'
  26          #include "utils.h"
*** ERROR C129 IN LINE 18 OF C:\USERS\94963\DESKTOP\PROGRAMMABLELED-MASTER\SOFTWARE\SRC\UTILS.H: missing ';' before 'g_j
             -iffies'
  27          #include "led.h"
  28          
  29          /** @addtogroup STM32F10x_StdPeriph_Examples
  30            * @{
  31            */
  32          
  33          /** @addtogroup SDIO_uSDCard
  34            * @{
  35            */
  36          
  37          /* Private typedef -----------------------------------------------------------*/
  38          /* Private define ------------------------------------------------------------*/
  39          /* Private macro -------------------------------------------------------------*/
  40          /* Private variables ---------------------------------------------------------*/
  41          /* Private function prototypes -----------------------------------------------*/
  42          /* Private functions ---------------------------------------------------------*/
  43          
  44          /******************************************************************************/
  45          /*            Cortex-M3 Processor Exceptions Handlers                         */
  46          /******************************************************************************/
  47          
  48          /**
  49            * @brief  This function handles NMI exception.
  50            * @param  None
C51 COMPILER V9.01   STM32F10X_IT                                                          05/07/2018 20:54:22 PAGE 2   

  51            * @retval None
  52            */
  53          void NMI_Handler(void)
  54          {
  55          }
  56          
  57          /**
  58            * @brief  This function handles Hard Fault exception.
  59            * @param  None
  60            * @retval None
  61            */
  62          void HardFault_Handler(void)
  63          {
  64            /* Go to infinite loop when Hard Fault exception occurs */
  65            while (1)
  66            {}
  67          }
  68          
  69          /**
  70            * @brief  This function handles Memory Manage exception.
  71            * @param  None
  72            * @retval None
  73            */
  74          void MemManage_Handler(void)
  75          {
  76            /* Go to infinite loop when Memory Manage exception occurs */
  77            while (1)
  78            {}
  79          }
  80          
  81          /**
  82            * @brief  This function handles Bus Fault exception.
  83            * @param  None
  84            * @retval None
  85            */
  86          void BusFault_Handler(void)
  87          {
  88            /* Go to infinite loop when Bus Fault exception occurs */
  89            while (1)
  90            {}
  91          }
  92          
  93          /**
  94            * @brief  This function handles Usage Fault exception.
  95            * @param  None
  96            * @retval None
  97            */
  98          void UsageFault_Handler(void)
  99          {
 100            /* Go to infinite loop when Usage Fault exception occurs */
 101            while (1)
 102            {}
 103          }
 104          
 105          /**
 106            * @brief  This function handles Debug Monitor exception.
 107            * @param  None
 108            * @retval None
 109            */
 110          void DebugMon_Handler(void)
 111          {
 112          }
C51 COMPILER V9.01   STM32F10X_IT                                                          05/07/2018 20:54:22 PAGE 3   

 113          
 114          /**
 115            * @brief  This function handles SVCall exception.
 116            * @param  None
 117            * @retval None
 118            */
 119          void SVC_Handler(void)
 120          {
 121          }
 122          
 123          /**
 124            * @brief  This function handles PendSV_Handler exception.
 125            * @param  None
 126            * @retval None
 127            */
 128          void PendSV_Handler(void)
 129          {
 130          }
 131          
 132          /**
 133            * @brief  This function handles SysTick Handler.
 134            * @param  None
 135            * @retval None
 136            */
 137          void SysTick_Handler(void)
 138          {
 139                  ++g_jiffies;
 140              LED_IRQHandler();
 141          }
 142          
 143          /******************************************************************************/
 144          /*            STM32F10x Peripherals Interrupt Handlers                        */
 145          /******************************************************************************/
 146          
 147          
 148          /**
 149            * @brief  This function handles USART1 global interrupt request.
 150            * @param  None
 151            * @retval None
 152            */
 153          
 154          /******************************************************************************/
 155          /*                 STM32F10x Peripherals Interrupt Handlers                   */
 156          /*  Add here the Interrupt Handler for the used peripheral(s) (PPP), for the  */
 157          /*  available peripheral interrupt handler's name please refer to the startup */
 158          /*  file (startup_stm32f10x_xx.s).                                            */
 159          /******************************************************************************/
 160          
 161          /**
 162            * @brief  This function handles PPP interrupt request.
 163            * @param  None
 164            * @retval None
 165            */
 166          /*void PPP_IRQHandler(void)
 167          {
 168          }*/
 169          
 170          /**
 171            * @}
 172            */ 
 173          
 174          /**
C51 COMPILER V9.01   STM32F10X_IT                                                          05/07/2018 20:54:22 PAGE 4   

 175            * @}
 176            */ 
 177          
 178          /******************* (C) COPYRIGHT 2011 STMicroelectronics *****END OF FILE****/

C51 COMPILATION COMPLETE.  1 WARNING(S),  1 ERROR(S)
